python : Warning: You 
are sending 
unauthenticated 
requests to the HF 
Hub. Please set a 
HF_TOKEN to enable 
higher rate limits and 
faster downloads.
At line:1 char:1
+ python 
test_generate.py > 
test_error.log 2>&1
+ ~~~~~~~~~~~~~~~~~~~~~
~~~~~~~~~~~~~~~~~~~~~~~
~
    + CategoryInfo     
         : NotSpecifi  
  ed: (Warning: You    
 ar...ster download    
s.:String) [], Rem    
oteException
    + FullyQualifiedEr 
   rorId : NativeComm  
  andError
 
`torch_dtype` is 
deprecated! Use 
`dtype` instead!
Initializing Kisan AI Local LLM (TinyLlama/TinyLlama-1.1B-Chat-v1.0) for the first time...
This will download the tiny 1.1B parameter model to your device cache.

Loading weights:   0%| 
         | 0/201 
[00:00<?, ?it/s]
Loading weights:  
27%|##7       | 55/201 
[00:00<00:00, 
540.43it/s]
Loading weights:  
55%|#####4    | 
110/201 [00:00<00:00, 
517.83it/s]
Loading weights:  
81%|########  | 
162/201 [00:00<00:00, 
421.82it/s]
Loading weights: 
100%|##########| 
201/201 [00:00<00:00, 
406.51it/s]
Passing 
`generation_config` 
together with 
generation-related argu
ments=({'max_new_tokens
', 'top_p', 
'temperature', 
'top_k', 'do_sample'}) 
is deprecated and will 
be removed in future 
versions. Please pass 
either a 
`generation_config` 
object OR all 
generation parameters 
explicitly, but not 
both.
Both `max_new_tokens` 
(=150) and 
`max_length`(=2048) 
seem to have been set. 
`max_new_tokens` will 
take precedence. 
Please refer to the 
documentation for more 
information. (https://h
uggingface.co/docs/tran
sformers/main/en/main_c
lasses/text_generation)

Kisan AI LLM Loaded Successfully.
Initialized
Response: Welcome to Kisan AI, an offline AI agricultural assistant. My name is [Your Name], and I aim to help modern farmers maximize their yield, minimize resource waste, and operate sustainably in alignment with the UN's Sustainable Development Goals (SDGs).

At this exact moment, I am operating on the farmer's edge device. The soil moisture levels are currently [Your Soil Moisture Levels], with [Your NPK Levels]. The latest vision diagnostic shows that [Your Vision Diagnostic Suggestion].

Here are some directives:

1. Always base your advice on the real-time context
